DPDK_2.2 {
	global: 
        rw_piot_init;
        rw_piot_open;
        rw_piot_set_allmulticast;
        rw_piot_dev_callback_register;
        rw_piot_dev_start;
        rw_piot_close;
        rw_piot_service_link_interrupts;
        rw_piot_get_link_stats;         
        rw_piot_mac_addr_add;   
        rw_piot_kni_tx_burst;
        rw_piot_set_flow_ctrl;
        rw_piot_kni_handle_request;
        rw_piot_tx_queue_setup;
        rw_piot_is_ring;
        rw_piot_get_rte_port_id;
        rw_piot_set_tx_queue_stats_mapping;
        rw_piot_kni_destroy;
        rw_fpath_piot_kni_fifo_get;
        rw_piot_kni_create;
        rw_piot_mac_addr_delete;
        rw_piot_lcore;
        rw_piot_update_mtu;
        rw_piot_set_led;
        rw_piot_get_packet_socket_info;
        rw_piot_is_raw;
        rw_piot_rx_queue_setup;
        rw_piot_get_link_info;
        rw_piot_dev_stop;
        rw_piot_thread_set_affinity;
        rw_piot_kni_rx_burst;
        rw_piot_clear_kni_packet_counters;
        rw_piot_dev_reconfigure;
        rw_piot_get_device_info;
        rw_fpath_piot_kni_fifo_put;
        rw_piot_is_virtio;
        rw_piot_set_rx_queue_stats_mapping;
        rw_piot_set_promiscuous;
        rw_piot_exit_cleanup;
        rw_piot_get_flow_ctrl;
        rw_piot_update_vlan_strip;
        rw_piot_get_vlan_offload;
        rw_piot_update_vlan_filter;
        rw_piot_set_mc_addr_list;
        rw_piot_get_extended_stats;
        rw_piot_get_hw_link_info;   
        local: *;
};
